Fetching: https://www.renesas.com/us/en/products/space-harsh-environment
Error: HTTP Error 429: Too Many Requests

Total parts extracted: 0
